Archive member included to satisfy reference by file (symbol)

d:/nxp/s32ds_arm_v2.2/s32ds/build_tools/gcc_v6.3/gcc-6.3-arm32-eabi/bin/../lib/gcc/arm-none-eabi/6.3.1/thumb/v7e-m/fpv4-sp/hard\libgcc.a(_arm_addsubdf3.o)
                              ./Sources/main.o (__aeabi_f2d)
d:/nxp/s32ds_arm_v2.2/s32ds/build_tools/gcc_v6.3/gcc-6.3-arm32-eabi/bin/../lib/gcc/arm-none-eabi/6.3.1/thumb/v7e-m/fpv4-sp/hard\libgcc.a(_arm_cmpdf2.o)
                              ./Sources/main.o (__aeabi_dcmpgt)
D:/NXP/S32DS_ARM_v2.2/S32DS/build_tools/gcc_v6.3/gcc-6.3-arm32-eabi/arm-none-eabi/newlib/lib/thumb/v7e-m/fpv4-sp/hard\libc_nano.a(lib_a-exit.o)
                              D:/NXP/S32DS_ARM_v2.2/S32DS/build_tools/gcc_v6.3/gcc-6.3-arm32-eabi/arm-none-eabi/newlib/lib/thumb/v7e-m/fpv4-sp/hard/crt0.o (exit)
D:/NXP/S32DS_ARM_v2.2/S32DS/build_tools/gcc_v6.3/gcc-6.3-arm32-eabi/arm-none-eabi/newlib/lib/thumb/v7e-m/fpv4-sp/hard\libc_nano.a(lib_a-impure.o)
                              D:/NXP/S32DS_ARM_v2.2/S32DS/build_tools/gcc_v6.3/gcc-6.3-arm32-eabi/arm-none-eabi/newlib/lib/thumb/v7e-m/fpv4-sp/hard\libc_nano.a(lib_a-exit.o) (_global_impure_ptr)
D:/NXP/S32DS_ARM_v2.2/S32DS/build_tools/gcc_v6.3/gcc-6.3-arm32-eabi/arm-none-eabi/newlib/lib/thumb/v7e-m/fpv4-sp/hard\libc_nano.a(lib_a-init.o)
                              D:/NXP/S32DS_ARM_v2.2/S32DS/build_tools/gcc_v6.3/gcc-6.3-arm32-eabi/arm-none-eabi/newlib/lib/thumb/v7e-m/fpv4-sp/hard/crt0.o (__libc_init_array)
D:/NXP/S32DS_ARM_v2.2/S32DS/build_tools/gcc_v6.3/gcc-6.3-arm32-eabi/arm-none-eabi/newlib/lib/thumb/v7e-m/fpv4-sp/hard\libc_nano.a(lib_a-memset.o)
                              D:/NXP/S32DS_ARM_v2.2/S32DS/build_tools/gcc_v6.3/gcc-6.3-arm32-eabi/arm-none-eabi/newlib/lib/thumb/v7e-m/fpv4-sp/hard/crt0.o (memset)
D:/NXP/S32DS_ARM_v2.2/S32DS/build_tools/gcc_v6.3/gcc-6.3-arm32-eabi/arm-none-eabi/newlib/lib/thumb/v7e-m/fpv4-sp/hard\libnosys.a(_exit.o)
                              D:/NXP/S32DS_ARM_v2.2/S32DS/build_tools/gcc_v6.3/gcc-6.3-arm32-eabi/arm-none-eabi/newlib/lib/thumb/v7e-m/fpv4-sp/hard\libc_nano.a(lib_a-exit.o) (_exit)

Discarded input sections

 .text          0x00000000        0x0 d:/nxp/s32ds_arm_v2.2/s32ds/build_tools/gcc_v6.3/gcc-6.3-arm32-eabi/bin/../lib/gcc/arm-none-eabi/6.3.1/thumb/v7e-m/fpv4-sp/hard/crti.o
 .data          0x00000000        0x0 d:/nxp/s32ds_arm_v2.2/s32ds/build_tools/gcc_v6.3/gcc-6.3-arm32-eabi/bin/../lib/gcc/arm-none-eabi/6.3.1/thumb/v7e-m/fpv4-sp/hard/crti.o
 .bss           0x00000000        0x0 d:/nxp/s32ds_arm_v2.2/s32ds/build_tools/gcc_v6.3/gcc-6.3-arm32-eabi/bin/../lib/gcc/arm-none-eabi/6.3.1/thumb/v7e-m/fpv4-sp/hard/crti.o
 .text          0x00000000       0xa4 d:/nxp/s32ds_arm_v2.2/s32ds/build_tools/gcc_v6.3/gcc-6.3-arm32-eabi/bin/../lib/gcc/arm-none-eabi/6.3.1/thumb/v7e-m/fpv4-sp/hard/crtbegin.o
 .data          0x00000000        0x4 d:/nxp/s32ds_arm_v2.2/s32ds/build_tools/gcc_v6.3/gcc-6.3-arm32-eabi/bin/../lib/gcc/arm-none-eabi/6.3.1/thumb/v7e-m/fpv4-sp/hard/crtbegin.o
 .bss           0x00000000       0x1c d:/nxp/s32ds_arm_v2.2/s32ds/build_tools/gcc_v6.3/gcc-6.3-arm32-eabi/bin/../lib/gcc/arm-none-eabi/6.3.1/thumb/v7e-m/fpv4-sp/hard/crtbegin.o
 .init_array    0x00000000        0x4 d:/nxp/s32ds_arm_v2.2/s32ds/build_tools/gcc_v6.3/gcc-6.3-arm32-eabi/bin/../lib/gcc/arm-none-eabi/6.3.1/thumb/v7e-m/fpv4-sp/hard/crtbegin.o
 .fini_array    0x00000000        0x4 d:/nxp/s32ds_arm_v2.2/s32ds/build_tools/gcc_v6.3/gcc-6.3-arm32-eabi/bin/../lib/gcc/arm-none-eabi/6.3.1/thumb/v7e-m/fpv4-sp/hard/crtbegin.o
 .eh_frame      0x00000000        0x0 d:/nxp/s32ds_arm_v2.2/s32ds/build_tools/gcc_v6.3/gcc-6.3-arm32-eabi/bin/../lib/gcc/arm-none-eabi/6.3.1/thumb/v7e-m/fpv4-sp/hard/crtbegin.o
 .jcr           0x00000000        0x0 d:/nxp/s32ds_arm_v2.2/s32ds/build_tools/gcc_v6.3/gcc-6.3-arm32-eabi/bin/../lib/gcc/arm-none-eabi/6.3.1/thumb/v7e-m/fpv4-sp/hard/crtbegin.o
 .tm_clone_table
                0x00000000        0x0 d:/nxp/s32ds_arm_v2.2/s32ds/build_tools/gcc_v6.3/gcc-6.3-arm32-eabi/bin/../lib/gcc/arm-none-eabi/6.3.1/thumb/v7e-m/fpv4-sp/hard/crtbegin.o
 .comment       0x00000000       0xa1 d:/nxp/s32ds_arm_v2.2/s32ds/build_tools/gcc_v6.3/gcc-6.3-arm32-eabi/bin/../lib/gcc/arm-none-eabi/6.3.1/thumb/v7e-m/fpv4-sp/hard/crtbegin.o
 .ARM.attributes
                0x00000000       0x34 d:/nxp/s32ds_arm_v2.2/s32ds/build_tools/gcc_v6.3/gcc-6.3-arm32-eabi/bin/../lib/gcc/arm-none-eabi/6.3.1/thumb/v7e-m/fpv4-sp/hard/crtbegin.o
 .text          0x00000000       0x74 D:/NXP/S32DS_ARM_v2.2/S32DS/build_tools/gcc_v6.3/gcc-6.3-arm32-eabi/arm-none-eabi/newlib/lib/thumb/v7e-m/fpv4-sp/hard/crt0.o
 .data          0x00000000        0x0 D:/NXP/S32DS_ARM_v2.2/S32DS/build_tools/gcc_v6.3/gcc-6.3-arm32-eabi/arm-none-eabi/newlib/lib/thumb/v7e-m/fpv4-sp/hard/crt0.o
 .bss           0x00000000        0x0 D:/NXP/S32DS_ARM_v2.2/S32DS/build_tools/gcc_v6.3/gcc-6.3-arm32-eabi/arm-none-eabi/newlib/lib/thumb/v7e-m/fpv4-sp/hard/crt0.o
 .ARM.extab     0x00000000        0x0 D:/NXP/S32DS_ARM_v2.2/S32DS/build_tools/gcc_v6.3/gcc-6.3-arm32-eabi/arm-none-eabi/newlib/lib/thumb/v7e-m/fpv4-sp/hard/crt0.o
 .ARM.exidx     0x00000000        0x8 D:/NXP/S32DS_ARM_v2.2/S32DS/build_tools/gcc_v6.3/gcc-6.3-arm32-eabi/arm-none-eabi/newlib/lib/thumb/v7e-m/fpv4-sp/hard/crt0.o
 .ARM.attributes
                0x00000000       0x20 D:/NXP/S32DS_ARM_v2.2/S32DS/build_tools/gcc_v6.3/gcc-6.3-arm32-eabi/arm-none-eabi/newlib/lib/thumb/v7e-m/fpv4-sp/hard/crt0.o
 .text          0x00000000        0x0 ./Generated_Code/Cpu.o
 .data          0x00000000        0x0 ./Generated_Code/Cpu.o
 .bss           0x00000000        0x0 ./Generated_Code/Cpu.o
 .debug_info    0x00000000     0x1894 ./Generated_Code/Cpu.o
 .debug_abbrev  0x00000000      0x120 ./Generated_Code/Cpu.o
 .debug_aranges
                0x00000000       0x18 ./Generated_Code/Cpu.o
 .debug_line    0x00000000      0x35d ./Generated_Code/Cpu.o
 .debug_str     0x00000000     0x2931 ./Generated_Code/Cpu.o
 .comment       0x00000000       0xa1 ./Generated_Code/Cpu.o
 .ARM.attributes
                0x00000000       0x39 ./Generated_Code/Cpu.o
 .text          0x00000000        0x0 ./Generated_Code/adConv1.o
 .data          0x00000000        0x0 ./Generated_Code/adConv1.o
 .bss           0x00000000        0x0 ./Generated_Code/adConv1.o
 .rodata.adConv1_HwAvgConfig0
                0x00000000        0x2 ./Generated_Code/adConv1.o
 .rodata.adConv1_HwCompConfig0
                0x00000000        0x8 ./Generated_Code/adConv1.o
 .text          0x00000000        0x0 ./Generated_Code/clockMan1.o
 .data          0x00000000        0x0 ./Generated_Code/clockMan1.o
 .bss           0x00000000        0x0 ./Generated_Code/clockMan1.o
 .text          0x00000000        0x0 ./Generated_Code/pin_mux.o
 .data          0x00000000        0x0 ./Generated_Code/pin_mux.o
 .bss           0x00000000        0x0 ./Generated_Code/pin_mux.o
 .data          0x00000000        0x0 ./Project_Settings/Startup_Code/startup_S32K144.o
 .bss           0x00000000        0x0 ./Project_Settings/Startup_Code/startup_S32K144.o
 .text          0x00000000        0x0 ./SDK/platform/devices/S32K144/startup/system_S32K144.o
 .data          0x00000000        0x0 ./SDK/platform/devices/S32K144/startup/system_S32K144.o
 .bss           0x00000000        0x0 ./SDK/platform/devices/S32K144/startup/system_S32K144.o
 .text.SystemCoreClockUpdate
                0x00000000       0x80 ./SDK/platform/devices/S32K144/startup/system_S32K144.o
 .text.SystemSoftwareReset
                0x00000000       0x18 ./SDK/platform/devices/S32K144/startup/system_S32K144.o
 .data.SystemCoreClock
                0x00000000        0x4 ./SDK/platform/devices/S32K144/startup/system_S32K144.o
 .text          0x00000000        0x0 ./SDK/platform/devices/startup.o
 .data          0x00000000        0x0 ./SDK/platform/devices/startup.o
 .bss           0x00000000        0x0 ./SDK/platform/devices/startup.o
 .text          0x00000000        0x0 ./SDK/platform/drivers/src/adc/adc_driver.o
 .data          0x00000000        0x0 ./SDK/platform/drivers/src/adc/adc_driver.o
 .bss           0x00000000        0x0 ./SDK/platform/drivers/src/adc/adc_driver.o
 .text.ADC_DRV_InitConverterStruct
                0x00000000       0x1c ./SDK/platform/drivers/src/adc/adc_driver.o
 .text.ADC_DRV_GetConverterConfig
                0x00000000       0xec ./SDK/platform/drivers/src/adc/adc_driver.o
 .text.ADC_DRV_InitHwCompareStruct
                0x00000000        0xe ./SDK/platform/drivers/src/adc/adc_driver.o
 .text.ADC_DRV_ConfigHwCompare
                0x00000000       0x60 ./SDK/platform/drivers/src/adc/adc_driver.o
 .text.ADC_DRV_GetHwCompareConfig
                0x00000000       0x38 ./SDK/platform/drivers/src/adc/adc_driver.o
 .text.ADC_DRV_InitHwAverageStruct
                0x00000000        0x8 ./SDK/platform/drivers/src/adc/adc_driver.o
 .text.ADC_DRV_ConfigHwAverage
                0x00000000       0x38 ./SDK/platform/drivers/src/adc/adc_driver.o
 .text.ADC_DRV_GetHwAverageConfig
                0x00000000       0x20 ./SDK/platform/drivers/src/adc/adc_driver.o
 .text.ADC_DRV_InitChanStruct
                0x00000000        0xa ./SDK/platform/drivers/src/adc/adc_driver.o
 .text.ADC_DRV_GetChanConfig
                0x00000000       0x40 ./SDK/platform/drivers/src/adc/adc_driver.o
 .text.ADC_DRV_SetSwPretrigger
                0x00000000       0x44 ./SDK/platform/drivers/src/adc/adc_driver.o
 .text.ADC_DRV_Reset
                0x00000000       0x98 ./SDK/platform/drivers/src/adc/adc_driver.o
 .text.ADC_DRV_GetConvCompleteFlag
                0x00000000       0x14 ./SDK/platform/drivers/src/adc/adc_driver.o
 .text.ADC_DRV_InitUserCalibrationStruct
                0x00000000        0xa ./SDK/platform/drivers/src/adc/adc_driver.o
 .text.ADC_DRV_ConfigUserCalibration
                0x00000000       0x4c ./SDK/platform/drivers/src/adc/adc_driver.o
 .text.ADC_DRV_GetUserCalibration
                0x00000000       0x20 ./SDK/platform/drivers/src/adc/adc_driver.o
 .text.ADC_DRV_GetInterruptNumber
                0x00000000        0xc ./SDK/platform/drivers/src/adc/adc_driver.o
 .text.ADC_DRV_ClearLatchedTriggers
                0x00000000       0x24 ./SDK/platform/drivers/src/adc/adc_driver.o
 .text.ADC_DRV_ClearTriggerErrors
                0x00000000       0x18 ./SDK/platform/drivers/src/adc/adc_driver.o
 .text.ADC_DRV_GetTriggerErrorFlags
                0x00000000       0x14 ./SDK/platform/drivers/src/adc/adc_driver.o
 .rodata.adcIrqId.7374
                0x00000000        0x2 ./SDK/platform/drivers/src/adc/adc_driver.o
 .text          0x00000000        0x0 ./SDK/platform/drivers/src/clock/S32K1xx/clock_S32K1xx.o
 .data          0x00000000        0x0 ./SDK/platform/drivers/src/clock/S32K1xx/clock_S32K1xx.o
 .bss           0x00000000        0x0 ./SDK/platform/drivers/src/clock/S32K1xx/clock_S32K1xx.o
 .text.CLOCK_SYS_TransitionToTmpSysClk
                0x00000000       0xee ./SDK/platform/drivers/src/clock/S32K1xx/clock_S32K1xx.o
 .text.CLOCK_SYS_GetCurrentSysClkConfig
                0x00000000       0x5c ./SDK/platform/drivers/src/clock/S32K1xx/clock_S32K1xx.o
 .text.CLOCK_SYS_ConvertAsyncDividerValue
                0x00000000       0x6a ./SDK/platform/drivers/src/clock/S32K1xx/clock_S32K1xx.o
 .text.CLOCK_DRV_SetModuleClock
                0x00000000      0x168 ./SDK/platform/drivers/src/clock/S32K1xx/clock_S32K1xx.o
 .text.CLOCK_DRV_SetSystemClock
                0x00000000      0x104 ./SDK/platform/drivers/src/clock/S32K1xx/clock_S32K1xx.o
 .text.CLOCK_DRV_GetSystemClockSource
                0x00000000       0x5c ./SDK/platform/drivers/src/clock/S32K1xx/clock_S32K1xx.o
 .text.CLOCK_DRV_SetClockSource
                0x00000000      0x2b0 ./SDK/platform/drivers/src/clock/S32K1xx/clock_S32K1xx.o
 .text.CLOCK_SYS_GetCurrentConfiguration
                0x00000000        0xc ./SDK/platform/drivers/src/clock/S32K1xx/clock_S32K1xx.o
 .text.CLOCK_SYS_GetErrorCallback
                0x00000000       0x1c ./SDK/platform/drivers/src/clock/S32K1xx/clock_S32K1xx.o
 .text.CLOCK_SYS_SetConfiguration
                0x00000000        0x8 ./SDK/platform/drivers/src/clock/S32K1xx/clock_S32K1xx.o
 .rodata.sysClkDivMappings.7666
                0x00000000       0x10 ./SDK/platform/drivers/src/clock/S32K1xx/clock_S32K1xx.o
 .rodata.sysClkDivMappings.7744
                0x00000000       0x11 ./SDK/platform/drivers/src/clock/S32K1xx/clock_S32K1xx.o
 .text          0x00000000        0x0 ./SDK/platform/drivers/src/interrupt/interrupt_manager.o
 .data          0x00000000        0x0 ./SDK/platform/drivers/src/interrupt/interrupt_manager.o
 .bss           0x00000000        0x0 ./SDK/platform/drivers/src/interrupt/interrupt_manager.o
 .text.INT_SYS_InstallHandler
                0x00000000       0x30 ./SDK/platform/drivers/src/interrupt/interrupt_manager.o
 .text.INT_SYS_EnableIRQ
                0x00000000       0x18 ./SDK/platform/drivers/src/interrupt/interrupt_manager.o
 .text.INT_SYS_DisableIRQ
                0x00000000       0x1c ./SDK/platform/drivers/src/interrupt/interrupt_manager.o
 .text.INT_SYS_SetPriority
                0x00000000       0x58 ./SDK/platform/drivers/src/interrupt/interrupt_manager.o
 .text.INT_SYS_GetPriority
                0x00000000       0x44 ./SDK/platform/drivers/src/interrupt/interrupt_manager.o
 .text.INT_SYS_ClearPending
                0x00000000       0x1c ./SDK/platform/drivers/src/interrupt/interrupt_manager.o
 .text.INT_SYS_SetPending
                0x00000000       0x1c ./SDK/platform/drivers/src/interrupt/interrupt_manager.o
 .text.INT_SYS_GetPending
                0x00000000       0x1c ./SDK/platform/drivers/src/interrupt/interrupt_manager.o
 .text.INT_SYS_GetActive
                0x00000000       0x1c ./SDK/platform/drivers/src/interrupt/interrupt_manager.o
 .text          0x00000000        0x0 ./SDK/platform/drivers/src/pins/pins_driver.o
 .data          0x00000000        0x0 ./SDK/platform/drivers/src/pins/pins_driver.o
 .bss           0x00000000        0x0 ./SDK/platform/drivers/src/pins/pins_driver.o
 .text.PINS_DRV_SetPullSel
                0x00000000       0x3a ./SDK/platform/drivers/src/pins/pins_driver.o
 .text.PINS_DRV_SetMuxModeSel
                0x00000000        0x8 ./SDK/platform/drivers/src/pins/pins_driver.o
 .text.PINS_DRV_SetPinIntSel
                0x00000000       0x16 ./SDK/platform/drivers/src/pins/pins_driver.o
 .text.PINS_DRV_GetPinIntSel
                0x00000000        0xa ./SDK/platform/drivers/src/pins/pins_driver.o
 .text.PINS_DRV_ClearPinIntFlagCmd
                0x00000000        0xe ./SDK/platform/drivers/src/pins/pins_driver.o
 .text.PINS_DRV_EnableDigitalFilter
                0x00000000       0x12 ./SDK/platform/drivers/src/pins/pins_driver.o
 .text.PINS_DRV_DisableDigitalFilter
                0x00000000       0x14 ./SDK/platform/drivers/src/pins/pins_driver.o
 .text.PINS_DRV_ConfigDigitalFilter
                0x00000000       0x16 ./SDK/platform/drivers/src/pins/pins_driver.o
 .text.PINS_DRV_GetPortIntFlag
                0x00000000        0x6 ./SDK/platform/drivers/src/pins/pins_driver.o
 .text.PINS_DRV_ClearPortIntFlagCmd
                0x00000000        0xa ./SDK/platform/drivers/src/pins/pins_driver.o
 .text.PINS_DRV_GetPinsDirection
                0x00000000        0x4 ./SDK/platform/drivers/src/pins/pins_driver.o
 .text.PINS_DRV_SetPinDirection
                0x00000000       0x18 ./SDK/platform/drivers/src/pins/pins_driver.o
 .text.PINS_DRV_SetPinsDirection
                0x00000000        0x4 ./SDK/platform/drivers/src/pins/pins_driver.o
 .text.PINS_DRV_SetPortInputDisable
                0x00000000        0x4 ./SDK/platform/drivers/src/pins/pins_driver.o
 .text.PINS_DRV_GetPortInputDisable
                0x00000000        0x4 ./SDK/platform/drivers/src/pins/pins_driver.o
 .text.PINS_DRV_SetGlobalPinControl
                0x00000000        0x8 ./SDK/platform/drivers/src/pins/pins_driver.o
 .text.PINS_DRV_SetGlobalIntControl
                0x00000000        0x8 ./SDK/platform/drivers/src/pins/pins_driver.o
 .text.PINS_DRV_WritePins
                0x00000000        0x4 ./SDK/platform/drivers/src/pins/pins_driver.o
 .text.PINS_DRV_GetPinsOutput
                0x00000000        0x4 ./SDK/platform/drivers/src/pins/pins_driver.o
 .text.PINS_DRV_SetPins
                0x00000000        0x4 ./SDK/platform/drivers/src/pins/pins_driver.o
 .text.PINS_DRV_ClearPins
                0x00000000        0x4 ./SDK/platform/drivers/src/pins/pins_driver.o
 .text.PINS_DRV_TogglePins
                0x00000000        0x4 ./SDK/platform/drivers/src/pins/pins_driver.o
 .text.PINS_DRV_ReadPins
                0x00000000        0x4 ./SDK/platform/drivers/src/pins/pins_driver.o
 .text          0x00000000        0x0 ./SDK/platform/drivers/src/pins/pins_port_hw_access.o
 .data          0x00000000        0x0 ./SDK/platform/drivers/src/pins/pins_port_hw_access.o
 .bss           0x00000000        0x0 ./SDK/platform/drivers/src/pins/pins_port_hw_access.o
 .text.PINS_SetMuxModeSel
                0x00000000       0x50 ./SDK/platform/drivers/src/pins/pins_port_hw_access.o
 .text.PINS_SetGlobalPinControl
                0x00000000       0x2c ./SDK/platform/drivers/src/pins/pins_port_hw_access.o
 .text.PINS_SetGlobalIntControl
                0x00000000       0x24 ./SDK/platform/drivers/src/pins/pins_port_hw_access.o
 .text          0x00000000        0x0 ./Sources/main.o
 .data          0x00000000        0x0 ./Sources/main.o
 .bss           0x00000000        0x0 ./Sources/main.o
 .bss.exit_code
                0x00000000        0x4 ./Sources/main.o
 .data          0x00000000        0x0 d:/nxp/s32ds_arm_v2.2/s32ds/build_tools/gcc_v6.3/gcc-6.3-arm32-eabi/bin/../lib/gcc/arm-none-eabi/6.3.1/thumb/v7e-m/fpv4-sp/hard\libgcc.a(_arm_addsubdf3.o)
 .bss           0x00000000        0x0 d:/nxp/s32ds_arm_v2.2/s32ds/build_tools/gcc_v6.3/gcc-6.3-arm32-eabi/bin/../lib/gcc/arm-none-eabi/6.3.1/thumb/v7e-m/fpv4-sp/hard\libgcc.a(_arm_addsubdf3.o)
 .data          0x00000000        0x0 d:/nxp/s32ds_arm_v2.2/s32ds/build_tools/gcc_v6.3/gcc-6.3-arm32-eabi/bin/../lib/gcc/arm-none-eabi/6.3.1/thumb/v7e-m/fpv4-sp/hard\libgcc.a(_arm_cmpdf2.o)
 .bss           0x00000000        0x0 d:/nxp/s32ds_arm_v2.2/s32ds/build_tools/gcc_v6.3/gcc-6.3-arm32-eabi/bin/../lib/gcc/arm-none-eabi/6.3.1/thumb/v7e-m/fpv4-sp/hard\libgcc.a(_arm_cmpdf2.o)
 .text          0x00000000        0x0 D:/NXP/S32DS_ARM_v2.2/S32DS/build_tools/gcc_v6.3/gcc-6.3-arm32-eabi/arm-none-eabi/newlib/lib/thumb/v7e-m/fpv4-sp/hard\libc_nano.a(lib_a-exit.o)
 .data          0x00000000        0x0 D:/NXP/S32DS_ARM_v2.2/S32DS/build_tools/gcc_v6.3/gcc-6.3-arm32-eabi/arm-none-eabi/newlib/lib/thumb/v7e-m/fpv4-sp/hard\libc_nano.a(lib_a-exit.o)
 .bss           0x00000000        0x0 D:/NXP/S32DS_ARM_v2.2/S32DS/build_tools/gcc_v6.3/gcc-6.3-arm32-eabi/arm-none-eabi/newlib/lib/thumb/v7e-m/fpv4-sp/hard\libc_nano.a(lib_a-exit.o)
 .text.exit     0x00000000       0x28 D:/NXP/S32DS_ARM_v2.2/S32DS/build_tools/gcc_v6.3/gcc-6.3-arm32-eabi/arm-none-eabi/newlib/lib/thumb/v7e-m/fpv4-sp/hard\libc_nano.a(lib_a-exit.o)
 .debug_frame   0x00000000       0x28 D:/NXP/S32DS_ARM_v2.2/S32DS/build_tools/gcc_v6.3/gcc-6.3-arm32-eabi/arm-none-eabi/newlib/lib/thumb/v7e-m/fpv4-sp/hard\libc_nano.a(lib_a-exit.o)
 .ARM.attributes
                0x00000000       0x34 D:/NXP/S32DS_ARM_v2.2/S32DS/build_tools/gcc_v6.3/gcc-6.3-arm32-eabi/arm-none-eabi/newlib/lib/thumb/v7e-m/fpv4-sp/hard\libc_nano.a(lib_a-exit.o)
 .text          0x00000000        0x0 D:/NXP/S32DS_ARM_v2.2/S32DS/build_tools/gcc_v6.3/gcc-6.3-arm32-eabi/arm-none-eabi/newlib/lib/thumb/v7e-m/fpv4-sp/hard\libc_nano.a(lib_a-impure.o)
 .data          0x00000000        0x0 D:/NXP/S32DS_ARM_v2.2/S32DS/build_tools/gcc_v6.3/gcc-6.3-arm32-eabi/arm-none-eabi/newlib/lib/thumb/v7e-m/fpv4-sp/hard\libc_nano.a(lib_a-impure.o)
 .bss           0x00000000        0x0 D:/NXP/S32DS_ARM_v2.2/S32DS/build_tools/gcc_v6.3/gcc-6.3-arm32-eabi/arm-none-eabi/newlib/lib/thumb/v7e-m/fpv4-sp/hard\libc_nano.a(lib_a-impure.o)
 .data._impure_ptr
                0x00000000        0x4 D:/NXP/S32DS_ARM_v2.2/S32DS/build_tools/gcc_v6.3/gcc-6.3-arm32-eabi/arm-none-eabi/newlib/lib/thumb/v7e-m/fpv4-sp/hard\libc_nano.a(lib_a-impure.o)
 .data.impure_data
                0x00000000       0x60 D:/NXP/S32DS_ARM_v2.2/S32DS/build_tools/gcc_v6.3/gcc-6.3-arm32-eabi/arm-none-eabi/newlib/lib/thumb/v7e-m/fpv4-sp/hard\libc_nano.a(lib_a-impure.o)
 .rodata._global_impure_ptr
                0x00000000        0x4 D:/NXP/S32DS_ARM_v2.2/S32DS/build_tools/gcc_v6.3/gcc-6.3-arm32-eabi/arm-none-eabi/newlib/lib/thumb/v7e-m/fpv4-sp/hard\libc_nano.a(lib_a-impure.o)
 .ARM.attributes
                0x00000000       0x34 D:/NXP/S32DS_ARM_v2.2/S32DS/build_tools/gcc_v6.3/gcc-6.3-arm32-eabi/arm-none-eabi/newlib/lib/thumb/v7e-m/fpv4-sp/hard\libc_nano.a(lib_a-impure.o)
 .text          0x00000000        0x0 D:/NXP/S32DS_ARM_v2.2/S32DS/build_tools/gcc_v6.3/gcc-6.3-arm32-eabi/arm-none-eabi/newlib/lib/thumb/v7e-m/fpv4-sp/hard\libc_nano.a(lib_a-init.o)
 .data          0x00000000        0x0 D:/NXP/S32DS_ARM_v2.2/S32DS/build_tools/gcc_v6.3/gcc-6.3-arm32-eabi/arm-none-eabi/newlib/lib/thumb/v7e-m/fpv4-sp/hard\libc_nano.a(lib_a-init.o)
 .bss           0x00000000        0x0 D:/NXP/S32DS_ARM_v2.2/S32DS/build_tools/gcc_v6.3/gcc-6.3-arm32-eabi/arm-none-eabi/newlib/lib/thumb/v7e-m/fpv4-sp/hard\libc_nano.a(lib_a-init.o)
 .text.__libc_init_array
                0x00000000       0x48 D:/NXP/S32DS_ARM_v2.2/S32DS/build_tools/gcc_v6.3/gcc-6.3-arm32-eabi/arm-none-eabi/newlib/lib/thumb/v7e-m/fpv4-sp/hard\libc_nano.a(lib_a-init.o)
 .debug_frame   0x00000000       0x2c D:/NXP/S32DS_ARM_v2.2/S32DS/build_tools/gcc_v6.3/gcc-6.3-arm32-eabi/arm-none-eabi/newlib/lib/thumb/v7e-m/fpv4-sp/hard\libc_nano.a(lib_a-init.o)
 .ARM.attributes
                0x00000000       0x34 D:/NXP/S32DS_ARM_v2.2/S32DS/build_tools/gcc_v6.3/gcc-6.3-arm32-eabi/arm-none-eabi/newlib/lib/thumb/v7e-m/fpv4-sp/hard\libc_nano.a(lib_a-init.o)
 .text          0x00000000        0x0 D:/NXP/S32DS_ARM_v2.2/S32DS/build_tools/gcc_v6.3/gcc-6.3-arm32-eabi/arm-none-eabi/newlib/lib/thumb/v7e-m/fpv4-sp/hard\libc_nano.a(lib_a-memset.o)
 .data          0x00000000        0x0 D:/NXP/S32DS_ARM_v2.2/S32DS/build_tools/gcc_v6.3/gcc-6.3-arm32-eabi/arm-none-eabi/newlib/lib/thumb/v7e-m/fpv4-sp/hard\libc_nano.a(lib_a-memset.o)
 .bss           0x00000000        0x0 D:/NXP/S32DS_ARM_v2.2/S32DS/build_tools/gcc_v6.3/gcc-6.3-arm32-eabi/arm-none-eabi/newlib/lib/thumb/v7e-m/fpv4-sp/hard\libc_nano.a(lib_a-memset.o)
 .text.memset   0x00000000       0x10 D:/NXP/S32DS_ARM_v2.2/S32DS/build_tools/gcc_v6.3/gcc-6.3-arm32-eabi/arm-none-eabi/newlib/lib/thumb/v7e-m/fpv4-sp/hard\libc_nano.a(lib_a-memset.o)
 .debug_frame   0x00000000       0x20 D:/NXP/S32DS_ARM_v2.2/S32DS/build_tools/gcc_v6.3/gcc-6.3-arm32-eabi/arm-none-eabi/newlib/lib/thumb/v7e-m/fpv4-sp/hard\libc_nano.a(lib_a-memset.o)
 .ARM.attributes
                0x00000000       0x34 D:/NXP/S32DS_ARM_v2.2/S32DS/build_tools/gcc_v6.3/gcc-6.3-arm32-eabi/arm-none-eabi/newlib/lib/thumb/v7e-m/fpv4-sp/hard\libc_nano.a(lib_a-memset.o)
 .text          0x00000000        0x0 D:/NXP/S32DS_ARM_v2.2/S32DS/build_tools/gcc_v6.3/gcc-6.3-arm32-eabi/arm-none-eabi/newlib/lib/thumb/v7e-m/fpv4-sp/hard\libnosys.a(_exit.o)
 .data          0x00000000        0x0 D:/NXP/S32DS_ARM_v2.2/S32DS/build_tools/gcc_v6.3/gcc-6.3-arm32-eabi/arm-none-eabi/newlib/lib/thumb/v7e-m/fpv4-sp/hard\libnosys.a(_exit.o)
 .bss           0x00000000        0x0 D:/NXP/S32DS_ARM_v2.2/S32DS/build_tools/gcc_v6.3/gcc-6.3-arm32-eabi/arm-none-eabi/newlib/lib/thumb/v7e-m/fpv4-sp/hard\libnosys.a(_exit.o)
 .text._exit    0x00000000        0x2 D:/NXP/S32DS_ARM_v2.2/S32DS/build_tools/gcc_v6.3/gcc-6.3-arm32-eabi/arm-none-eabi/newlib/lib/thumb/v7e-m/fpv4-sp/hard\libnosys.a(_exit.o)
 .debug_frame   0x00000000       0x20 D:/NXP/S32DS_ARM_v2.2/S32DS/build_tools/gcc_v6.3/gcc-6.3-arm32-eabi/arm-none-eabi/newlib/lib/thumb/v7e-m/fpv4-sp/hard\libnosys.a(_exit.o)
 .ARM.attributes
                0x00000000       0x34 D:/NXP/S32DS_ARM_v2.2/S32DS/build_tools/gcc_v6.3/gcc-6.3-arm32-eabi/arm-none-eabi/newlib/lib/thumb/v7e-m/fpv4-sp/hard\libnosys.a(_exit.o)
 .text          0x00000000        0x0 d:/nxp/s32ds_arm_v2.2/s32ds/build_tools/gcc_v6.3/gcc-6.3-arm32-eabi/bin/../lib/gcc/arm-none-eabi/6.3.1/thumb/v7e-m/fpv4-sp/hard/crtend.o
 .data          0x00000000        0x0 d:/nxp/s32ds_arm_v2.2/s32ds/build_tools/gcc_v6.3/gcc-6.3-arm32-eabi/bin/../lib/gcc/arm-none-eabi/6.3.1/thumb/v7e-m/fpv4-sp/hard/crtend.o
 .bss           0x00000000        0x0 d:/nxp/s32ds_arm_v2.2/s32ds/build_tools/gcc_v6.3/gcc-6.3-arm32-eabi/bin/../lib/gcc/arm-none-eabi/6.3.1/thumb/v7e-m/fpv4-sp/hard/crtend.o
 .eh_frame      0x00000000        0x4 d:/nxp/s32ds_arm_v2.2/s32ds/build_tools/gcc_v6.3/gcc-6.3-arm32-eabi/bin/../lib/gcc/arm-none-eabi/6.3.1/thumb/v7e-m/fpv4-sp/hard/crtend.o
 .jcr           0x00000000        0x4 d:/nxp/s32ds_arm_v2.2/s32ds/build_tools/gcc_v6.3/gcc-6.3-arm32-eabi/bin/../lib/gcc/arm-none-eabi/6.3.1/thumb/v7e-m/fpv4-sp/hard/crtend.o
 .tm_clone_table
                0x00000000        0x0 d:/nxp/s32ds_arm_v2.2/s32ds/build_tools/gcc_v6.3/gcc-6.3-arm32-eabi/bin/../lib/gcc/arm-none-eabi/6.3.1/thumb/v7e-m/fpv4-sp/hard/crtend.o
 .comment       0x00000000       0xa1 d:/nxp/s32ds_arm_v2.2/s32ds/build_tools/gcc_v6.3/gcc-6.3-arm32-eabi/bin/../lib/gcc/arm-none-eabi/6.3.1/thumb/v7e-m/fpv4-sp/hard/crtend.o
 .ARM.attributes
                0x00000000       0x34 d:/nxp/s32ds_arm_v2.2/s32ds/build_tools/gcc_v6.3/gcc-6.3-arm32-eabi/bin/../lib/gcc/arm-none-eabi/6.3.1/thumb/v7e-m/fpv4-sp/hard/crtend.o
 .text          0x00000000        0x0 d:/nxp/s32ds_arm_v2.2/s32ds/build_tools/gcc_v6.3/gcc-6.3-arm32-eabi/bin/../lib/gcc/arm-none-eabi/6.3.1/thumb/v7e-m/fpv4-sp/hard/crtn.o
 .data          0x00000000        0x0 d:/nxp/s32ds_arm_v2.2/s32ds/build_tools/gcc_v6.3/gcc-6.3-arm32-eabi/bin/../lib/gcc/arm-none-eabi/6.3.1/thumb/v7e-m/fpv4-sp/hard/crtn.o
 .bss           0x00000000        0x0 d:/nxp/s32ds_arm_v2.2/s32ds/build_tools/gcc_v6.3/gcc-6.3-arm32-eabi/bin/../lib/gcc/arm-none-eabi/6.3.1/thumb/v7e-m/fpv4-sp/hard/crtn.o
 .init          0x00000000        0x8 d:/nxp/s32ds_arm_v2.2/s32ds/build_tools/gcc_v6.3/gcc-6.3-arm32-eabi/bin/../lib/gcc/arm-none-eabi/6.3.1/thumb/v7e-m/fpv4-sp/hard/crtn.o
 .fini          0x00000000        0x8 d:/nxp/s32ds_arm_v2.2/s32ds/build_tools/gcc_v6.3/gcc-6.3-arm32-eabi/bin/../lib/gcc/arm-none-eabi/6.3.1/thumb/v7e-m/fpv4-sp/hard/crtn.o
 .ARM.attributes
                0x00000000       0x22 d:/nxp/s32ds_arm_v2.2/s32ds/build_tools/gcc_v6.3/gcc-6.3-arm32-eabi/bin/../lib/gcc/arm-none-eabi/6.3.1/thumb/v7e-m/fpv4-sp/hard/crtn.o

Memory Configuration

Name             Origin             Length             Attributes
m_interrupts     0x00000000         0x00000400         xr
m_flash_config   0x00000400         0x00000010         xr
m_text           0x00000410         0x0007fbf0         xr
m_data           0x1fff8000         0x00008000         rw
m_data_2         0x20000000         0x00007000         rw
*default*        0x00000000         0xffffffff

Linker script and memory map

LOAD d:/nxp/s32ds_arm_v2.2/s32ds/build_tools/gcc_v6.3/gcc-6.3-arm32-eabi/bin/../lib/gcc/arm-none-eabi/6.3.1/thumb/v7e-m/fpv4-sp/hard/crti.o
LOAD d:/nxp/s32ds_arm_v2.2/s32ds/build_tools/gcc_v6.3/gcc-6.3-arm32-eabi/bin/../lib/gcc/arm-none-eabi/6.3.1/thumb/v7e-m/fpv4-sp/hard/crtbegin.o
LOAD D:/NXP/S32DS_ARM_v2.2/S32DS/build_tools/gcc_v6.3/gcc-6.3-arm32-eabi/arm-none-eabi/newlib/lib/thumb/v7e-m/fpv4-sp/hard/crt0.o
LOAD ./Generated_Code/Cpu.o
LOAD ./Generated_Code/adConv1.o
LOAD ./Generated_Code/clockMan1.o
LOAD ./Generated_Code/pin_mux.o
LOAD ./Project_Settings/Startup_Code/startup_S32K144.o
LOAD ./SDK/platform/devices/S32K144/startup/system_S32K144.o
LOAD ./SDK/platform/devices/startup.o
LOAD ./SDK/platform/drivers/src/adc/adc_driver.o
LOAD ./SDK/platform/drivers/src/clock/S32K1xx/clock_S32K1xx.o
LOAD ./SDK/platform/drivers/src/interrupt/interrupt_manager.o
LOAD ./SDK/platform/drivers/src/pins/pins_driver.o
LOAD ./SDK/platform/drivers/src/pins/pins_port_hw_access.o
LOAD ./Sources/main.o
START GROUP
LOAD d:/nxp/s32ds_arm_v2.2/s32ds/build_tools/gcc_v6.3/gcc-6.3-arm32-eabi/bin/../lib/gcc/arm-none-eabi/6.3.1/thumb/v7e-m/fpv4-sp/hard\libgcc.a
LOAD D:/NXP/S32DS_ARM_v2.2/S32DS/build_tools/gcc_v6.3/gcc-6.3-arm32-eabi/arm-none-eabi/newlib/lib/thumb/v7e-m/fpv4-sp/hard\libc_nano.a
END GROUP
START GROUP
LOAD d:/nxp/s32ds_arm_v2.2/s32ds/build_tools/gcc_v6.3/gcc-6.3-arm32-eabi/bin/../lib/gcc/arm-none-eabi/6.3.1/thumb/v7e-m/fpv4-sp/hard\libgcc.a
LOAD D:/NXP/S32DS_ARM_v2.2/S32DS/build_tools/gcc_v6.3/gcc-6.3-arm32-eabi/arm-none-eabi/newlib/lib/thumb/v7e-m/fpv4-sp/hard\libc_nano.a
LOAD D:/NXP/S32DS_ARM_v2.2/S32DS/build_tools/gcc_v6.3/gcc-6.3-arm32-eabi/arm-none-eabi/newlib/lib/thumb/v7e-m/fpv4-sp/hard\libnosys.a
END GROUP
START GROUP
LOAD d:/nxp/s32ds_arm_v2.2/s32ds/build_tools/gcc_v6.3/gcc-6.3-arm32-eabi/bin/../lib/gcc/arm-none-eabi/6.3.1/thumb/v7e-m/fpv4-sp/hard\libgcc.a
LOAD D:/NXP/S32DS_ARM_v2.2/S32DS/build_tools/gcc_v6.3/gcc-6.3-arm32-eabi/arm-none-eabi/newlib/lib/thumb/v7e-m/fpv4-sp/hard\libc_nano.a
LOAD D:/NXP/S32DS_ARM_v2.2/S32DS/build_tools/gcc_v6.3/gcc-6.3-arm32-eabi/arm-none-eabi/newlib/lib/thumb/v7e-m/fpv4-sp/hard\libnosys.a
END GROUP
LOAD d:/nxp/s32ds_arm_v2.2/s32ds/build_tools/gcc_v6.3/gcc-6.3-arm32-eabi/bin/../lib/gcc/arm-none-eabi/6.3.1/thumb/v7e-m/fpv4-sp/hard/crtend.o
LOAD d:/nxp/s32ds_arm_v2.2/s32ds/build_tools/gcc_v6.3/gcc-6.3-arm32-eabi/bin/../lib/gcc/arm-none-eabi/6.3.1/thumb/v7e-m/fpv4-sp/hard/crtn.o
                0x00000400                HEAP_SIZE = DEFINED (__heap_size__)?__heap_size__:0x400
                0x00000400                STACK_SIZE = DEFINED (__stack_size__)?__stack_size__:0x400
                0x00000400                M_VECTOR_RAM_SIZE = DEFINED (__flash_vector_table__)?0x0:0x400

.interrupts     0x00000000      0x400
                0x00000000                __VECTOR_TABLE = .
                0x00000000                __interrupts_start__ = .
                0x00000000                . = ALIGN (0x4)
 *(.isr_vector)
 .isr_vector    0x00000000      0x400 ./Project_Settings/Startup_Code/startup_S32K144.o
                0x00000000                __isr_vector
                0x00000400                __interrupts_end__ = .
                0x00000400                . = ALIGN (0x4)

.flash_config   0x00000400       0x10
                0x00000400                . = ALIGN (0x4)
 *(.FlashConfig)
 .FlashConfig   0x00000400       0x10 ./Project_Settings/Startup_Code/startup_S32K144.o
                0x00000410                . = ALIGN (0x4)

.text           0x00000410     0x22c8
                0x00000410                . = ALIGN (0x4)
 *(.text)
 .text          0x00000410       0x4c ./Project_Settings/Startup_Code/startup_S32K144.o
                0x00000410                Reset_Handler
                0x00000458                DebugMon_Handler
                0x00000458                Reserved88_IRQHandler
                0x00000458                CAN0_ORed_IRQHandler
                0x00000458                HardFault_Handler
                0x00000458                Reserved86_IRQHandler
                0x00000458                Reserved103_IRQHandler
                0x00000458                SysTick_Handler
                0x00000458                FTM2_Ovf_Reload_IRQHandler
                0x00000458                Reserved50_IRQHandler
                0x00000458                FTFC_Fault_IRQHandler
                0x00000458                FTM0_Ch6_Ch7_IRQHandler
                0x00000458                Reserved114_IRQHandler
                0x00000458                PendSV_Handler
                0x00000458                NMI_Handler
                0x00000458                Reserved89_IRQHandler
                0x00000458                ERM_double_fault_IRQHandler
                0x00000458                DMA2_IRQHandler
                0x00000458                Reserved59_IRQHandler
                0x00000458                LPIT0_Ch0_IRQHandler
                0x00000458                Reserved99_IRQHandler
                0x00000458                FTM3_Ch6_Ch7_IRQHandler
                0x00000458                CAN2_ORed_0_15_MB_IRQHandler
                0x00000458                LPIT0_Ch3_IRQHandler
                0x00000458                Reserved92_IRQHandler
                0x00000458                FTM0_Ch4_Ch5_IRQHandler
                0x00000458                CAN1_Error_IRQHandler
                0x00000458                FTM3_Ch0_Ch1_IRQHandler
                0x00000458                SWI_IRQHandler
                0x00000458                ADC0_IRQHandler
                0x00000458                FTM2_Ch4_Ch5_IRQHandler
                0x00000458                UsageFault_Handler
                0x00000458                FTM0_Ovf_Reload_IRQHandler
                0x00000458                DefaultISR
                0x00000458                DMA9_IRQHandler
                0x00000458                Reserved58_IRQHandler
                0x00000458                CAN1_ORed_0_15_MB_IRQHandler
                0x00000458                FTM1_Ch2_Ch3_IRQHandler
                0x00000458                DMA14_IRQHandler
                0x00000458                Reserved82_IRQHandler
                0x00000458                CAN0_ORed_16_31_MB_IRQHandler
                0x00000458                LPI2C0_Slave_IRQHandler
                0x00000458                Reserved71_IRQHandler
                0x00000458                PORTD_IRQHandler
                0x00000458                Reserved69_IRQHandler
                0x00000458                PORTB_IRQHandler
                0x00000458                Reserved70_IRQHandler
                0x00000458                ADC1_IRQHandler
                0x00000458                FTM2_Ch2_Ch3_IRQHandler
                0x00000458                Reserved53_IRQHandler
                0x00000458                DMA5_IRQHandler
                0x00000458                RTC_IRQHandler
                0x00000458                PDB0_IRQHandler
                0x00000458                Reserved54_IRQHandler
                0x00000458                FTM2_Ch6_Ch7_IRQHandler
                0x00000458                FTM3_Ch2_Ch3_IRQHandler
                0x00000458                FTM2_Ch0_Ch1_IRQHandler
                0x00000458                LPSPI1_IRQHandler
                0x00000458                LPUART1_RxTx_IRQHandler
                0x00000458                RTC_Seconds_IRQHandler
                0x00000458                CAN2_ORed_IRQHandler
                0x00000458                Reserved72_IRQHandler
                0x00000458                Reserved110_IRQHandler
                0x00000458                DMA11_IRQHandler
                0x00000458                Reserved107_IRQHandler
                0x00000458                Read_Collision_IRQHandler
                0x00000458                CAN2_Error_IRQHandler
                0x00000458                FTFC_IRQHandler
                0x00000458                DMA7_IRQHandler
                0x00000458                FTM1_Ch6_Ch7_IRQHandler
                0x00000458                Reserved105_IRQHandler
                0x00000458                LPIT0_Ch1_IRQHandler
                0x00000458                FTM1_Ch4_Ch5_IRQHandler
                0x00000458                FTM3_Ovf_Reload_IRQHandler
                0x00000458                LPUART2_RxTx_IRQHandler
                0x00000458                LPSPI0_IRQHandler
                0x00000458                WDOG_EWM_IRQHandler
                0x00000458                MemManage_Handler
                0x00000458                Reserved90_IRQHandler
                0x00000458                Reserved83_IRQHandler
                0x00000458                FTM0_Fault_IRQHandler
                0x00000458                Reserved48_IRQHandler
                0x00000458                SVC_Handler
                0x00000458                ERM_single_fault_IRQHandler
                0x00000458                FTM2_Fault_IRQHandler
                0x00000458                FTM0_Ch2_Ch3_IRQHandler
                0x00000458                DMA13_IRQHandler
                0x00000458                FTM0_Ch0_Ch1_IRQHandler
                0x00000458                FTM3_Fault_IRQHandler
                0x00000458                RCM_IRQHandler
                0x00000458                DMA3_IRQHandler
                0x00000458                Reserved100_IRQHandler
                0x00000458                DMA0_IRQHandler
                0x00000458                Reserved91_IRQHandler
                0x00000458                CAN1_ORed_IRQHandler
                0x00000458                DMA15_IRQHandler
                0x00000458                SCG_IRQHandler
                0x00000458                PDB1_IRQHandler
                0x00000458                Reserved81_IRQHandler
                0x00000458                Reserved46_IRQHandler
                0x00000458                Reserved45_IRQHandler
                0x00000458                CAN0_Error_IRQHandler
                0x00000458                Reserved112_IRQHandler
                0x00000458                LPI2C0_Master_IRQHandler
                0x00000458                DMA4_IRQHandler
                0x00000458                FTM1_Fault_IRQHandler
                0x00000458                Reserved106_IRQHandler
                0x00000458                DMA_Error_IRQHandler
                0x00000458                LVD_LVW_IRQHandler
                0x00000458                LPIT0_Ch2_IRQHandler
                0x00000458                PORTA_IRQHandler
                0x00000458                MCM_IRQHandler
                0x00000458                LPSPI2_IRQHandler
                0x00000458                DMA12_IRQHandler
                0x00000458                FTM3_Ch4_Ch5_IRQHandler
                0x00000458                CAN0_ORed_0_15_MB_IRQHandler
                0x00000458                PORTE_IRQHandler
                0x00000458                LPUART0_RxTx_IRQHandler
                0x00000458                LPTMR0_IRQHandler
                0x00000458                BusFault_Handler
                0x00000458                Reserved87_IRQHandler
                0x00000458                FTM1_Ovf_Reload_IRQHandler
                0x00000458                DMA8_IRQHandler
                0x00000458                Reserved93_IRQHandler
                0x00000458                DMA10_IRQHandler
                0x00000458                CAN0_Wake_Up_IRQHandler
                0x00000458                CMP0_IRQHandler
                0x00000458                Reserved52_IRQHandler
                0x00000458                PORTC_IRQHandler
                0x00000458                DMA6_IRQHandler
                0x00000458                FTM1_Ch0_Ch1_IRQHandler
                0x00000458                FLEXIO_IRQHandler
                0x00000458                DMA1_IRQHandler
                0x00000458                Reserved113_IRQHandler
 .text          0x0000045c      0x378 d:/nxp/s32ds_arm_v2.2/s32ds/build_tools/gcc_v6.3/gcc-6.3-arm32-eabi/bin/../lib/gcc/arm-none-eabi/6.3.1/thumb/v7e-m/fpv4-sp/hard\libgcc.a(_arm_addsubdf3.o)
                0x0000045c                __aeabi_drsub
                0x00000464                __aeabi_dsub
                0x00000464                __subdf3
                0x00000468                __aeabi_dadd
                0x00000468                __adddf3
                0x000006e0                __floatunsidf
                0x000006e0                __aeabi_ui2d
                0x00000700                __floatsidf
                0x00000700                __aeabi_i2d
                0x00000724                __aeabi_f2d
                0x00000724                __extendsfdf2
                0x00000768                __floatundidf
                0x00000768                __aeabi_ul2d
                0x00000778                __floatdidf
                0x00000778                __aeabi_l2d
 .text          0x000007d4      0x110 d:/nxp/s32ds_arm_v2.2/s32ds/build_tools/gcc_v6.3/gcc-6.3-arm32-eabi/bin/../lib/gcc/arm-none-eabi/6.3.1/thumb/v7e-m/fpv4-sp/hard\libgcc.a(_arm_cmpdf2.o)
                0x000007d4                __gtdf2
                0x000007d4                __gedf2
                0x000007dc                __ltdf2
                0x000007dc                __ledf2
                0x000007e4                __nedf2
                0x000007e4                __eqdf2
                0x000007e4                __cmpdf2
                0x00000860                __aeabi_cdrcmple
                0x00000870                __aeabi_cdcmpeq
                0x00000870                __aeabi_cdcmple
                0x00000880                __aeabi_dcmpeq
                0x00000894                __aeabi_dcmplt
                0x000008a8                __aeabi_dcmple
                0x000008bc                __aeabi_dcmpge
                0x000008d0                __aeabi_dcmpgt
 *(.text*)
 .text.SystemInit
                0x000008e4       0x3c ./SDK/platform/devices/S32K144/startup/system_S32K144.o
                0x000008e4                SystemInit
 .text.init_data_bss
                0x00000920       0xd8 ./SDK/platform/devices/startup.o
                0x00000920                init_data_bss
 .text.ADC_DRV_ConfigConverter
                0x000009f8      0x188 ./SDK/platform/drivers/src/adc/adc_driver.o
                0x000009f8                ADC_DRV_ConfigConverter
 .text.ADC_DRV_ConfigChan
                0x00000b80       0x58 ./SDK/platform/drivers/src/adc/adc_driver.o
                0x00000b80                ADC_DRV_ConfigChan
 .text.ADC_DRV_WaitConvDone
                0x00000bd8       0x18 ./SDK/platform/drivers/src/adc/adc_driver.o
                0x00000bd8                ADC_DRV_WaitConvDone
 .text.ADC_DRV_GetChanResult
                0x00000bf0       0x18 ./SDK/platform/drivers/src/adc/adc_driver.o
                0x00000bf0                ADC_DRV_GetChanResult
 .text.ADC_DRV_AutoCalibration
                0x00000c08      0x158 ./SDK/platform/drivers/src/adc/adc_driver.o
                0x00000c08                ADC_DRV_AutoCalibration
 .text.CLOCK_SYS_GetCurrentRunMode
                0x00000d60       0x24 ./SDK/platform/drivers/src/clock/S32K1xx/clock_S32K1xx.o
 .text.CLOCK_SYS_GetSysOscFreq
                0x00000d84       0x1c ./SDK/platform/drivers/src/clock/S32K1xx/clock_S32K1xx.o
 .text.CLOCK_SYS_ConfigureSOSC
                0x00000da0      0x12c ./SDK/platform/drivers/src/clock/S32K1xx/clock_S32K1xx.o
 .text.CLOCK_SYS_GetSircFreq
                0x00000ecc       0x2c ./SDK/platform/drivers/src/clock/S32K1xx/clock_S32K1xx.o
 .text.CLOCK_SYS_ConfigureSIRC
                0x00000ef8       0xc4 ./SDK/platform/drivers/src/clock/S32K1xx/clock_S32K1xx.o
 .text.CLOCK_SYS_GetFircFreq
                0x00000fbc       0x20 ./SDK/platform/drivers/src/clock/S32K1xx/clock_S32K1xx.o
 .text.CLOCK_SYS_ConfigureFIRC
                0x00000fdc       0xb4 ./SDK/platform/drivers/src/clock/S32K1xx/clock_S32K1xx.o
 .text.CLOCK_SYS_GetSysPllFreq
                0x00001090       0x44 ./SDK/platform/drivers/src/clock/S32K1xx/clock_S32K1xx.o
 .text.CLOCK_SYS_ConfigureSPLL
                0x000010d4      0x104 ./SDK/platform/drivers/src/clock/S32K1xx/clock_S32K1xx.o
 .text.CLOCK_SYS_SetSystemClockConfig
                0x000011d8      0x1e4 ./SDK/platform/drivers/src/clock/S32K1xx/clock_S32K1xx.o
 .text.CLOCK_SYS_TransitionSystemClock
                0x000013bc       0x3c ./SDK/platform/drivers/src/clock/S32K1xx/clock_S32K1xx.o
 .text.CLOCK_SYS_GetSystemClockFreq
                0x000013f8       0x78 ./SDK/platform/drivers/src/clock/S32K1xx/clock_S32K1xx.o
 .text.CLOCK_SYS_GetScgClkOutFreq
                0x00001470       0x44 ./SDK/platform/drivers/src/clock/S32K1xx/clock_S32K1xx.o
 .text.CLOCK_SYS_GetSysAsyncFreq
                0x000014b4       0xd4 ./SDK/platform/drivers/src/clock/S32K1xx/clock_S32K1xx.o
 .text.CLOCK_SYS_GetSimRtcClkFreq
                0x00001588       0x50 ./SDK/platform/drivers/src/clock/S32K1xx/clock_S32K1xx.o
 .text.CLOCK_SYS_GetPeripheralClock
                0x000015d8       0x78 ./SDK/platform/drivers/src/clock/S32K1xx/clock_S32K1xx.o
 .text.CLOCK_SYS_GetLpoFreq
                0x00001650       0x44 ./SDK/platform/drivers/src/clock/S32K1xx/clock_S32K1xx.o
 .text.CLOCK_SYS_GetSimClkOutFreq
                0x00001694       0x98 ./SDK/platform/drivers/src/clock/S32K1xx/clock_S32K1xx.o
 .text.CLOCK_DRV_Init
                0x0000172c      0x598 ./SDK/platform/drivers/src/clock/S32K1xx/clock_S32K1xx.o
                0x0000172c                CLOCK_DRV_Init
 .text.CLOCK_DRV_GetFreq
                0x00001cc4      0x3a0 ./SDK/platform/drivers/src/clock/S32K1xx/clock_S32K1xx.o
                0x00001cc4                CLOCK_DRV_GetFreq
 .text.CLOCK_SYS_Init
                0x00002064       0x1c ./SDK/platform/drivers/src/clock/S32K1xx/clock_S32K1xx.o
                0x00002064                CLOCK_SYS_Init
 .text.CLOCK_SYS_UpdateConfiguration
                0x00002080       0xe8 ./SDK/platform/drivers/src/clock/S32K1xx/clock_S32K1xx.o
                0x00002080                CLOCK_SYS_UpdateConfiguration
 .text.CLOCK_SYS_GetFreq
                0x00002168        0x8 ./SDK/platform/drivers/src/clock/S32K1xx/clock_S32K1xx.o
                0x00002168                CLOCK_SYS_GetFreq
 .text.INT_SYS_EnableIRQGlobal
                0x00002170       0x1c ./SDK/platform/drivers/src/interrupt/interrupt_manager.o
                0x00002170                INT_SYS_EnableIRQGlobal
 .text.INT_SYS_DisableIRQGlobal
                0x0000218c       0x10 ./SDK/platform/drivers/src/interrupt/interrupt_manager.o
                0x0000218c                INT_SYS_DisableIRQGlobal
 .text.PINS_DRV_Init
                0x0000219c       0x20 ./SDK/platform/drivers/src/pins/pins_driver.o
                0x0000219c                PINS_DRV_Init
 .text.PINS_DRV_WritePin
                0x000021bc       0x18 ./SDK/platform/drivers/src/pins/pins_driver.o
                0x000021bc                PINS_DRV_WritePin
 .text.PINS_GetAdcInterleaveVal
                0x000021d4       0x70 ./SDK/platform/drivers/src/pins/pins_port_hw_access.o
 .text.PINS_Init
                0x00002244      0x114 ./SDK/platform/drivers/src/pins/pins_port_hw_access.o
                0x00002244                PINS_Init
 .text.adc0_ch2_read
                0x00002358       0x5c ./Sources/main.o
                0x00002358                adc0_ch2_read
 .text.adc0_ch3_read
                0x000023b4       0x5c ./Sources/main.o
                0x000023b4                adc0_ch3_read
 .text.main     0x00002410       0xb8 ./Sources/main.o
                0x00002410                main
 *(.rodata)
 *(.rodata*)
 .rodata.adConv1_ChnConfig0
                0x000024c8        0x4 ./Generated_Code/adConv1.o
                0x000024c8                adConv1_ChnConfig0
 .rodata.adConv1_ChnConfig1
                0x000024cc        0x4 ./Generated_Code/adConv1.o
                0x000024cc                adConv1_ChnConfig1
 .rodata.adConv1_ConvConfig0
                0x000024d0        0xb ./Generated_Code/adConv1.o
                0x000024d0                adConv1_ConvConfig0
 *fill*         0x000024db        0x1 
 .rodata.s_adcBase
                0x000024dc        0x8 ./SDK/platform/drivers/src/adc/adc_driver.o
 .rodata.clockNameMappings
                0x000024e4       0x9e ./SDK/platform/drivers/src/clock/S32K1xx/clock_S32K1xx.o
                0x000024e4                clockNameMappings
 *fill*         0x00002582        0x2 
 .rodata.maxSysClksInHSRUN.7598
                0x00002584       0x54 ./SDK/platform/drivers/src/clock/S32K1xx/clock_S32K1xx.o
 .rodata.maxSysClksInRUN.7597
                0x000025d8       0x54 ./SDK/platform/drivers/src/clock/S32K1xx/clock_S32K1xx.o
 .rodata.maxSysClksInVLPR.7596
                0x0000262c       0x54 ./SDK/platform/drivers/src/clock/S32K1xx/clock_S32K1xx.o
 .rodata.peripheralFeaturesList
                0x00002680       0x4f ./SDK/platform/drivers/src/clock/S32K1xx/clock_S32K1xx.o
                0x00002680                peripheralFeaturesList
 *(.init)
 *fill*         0x000026cf        0x1 
 .init          0x000026d0        0x4 d:/nxp/s32ds_arm_v2.2/s32ds/build_tools/gcc_v6.3/gcc-6.3-arm32-eabi/bin/../lib/gcc/arm-none-eabi/6.3.1/thumb/v7e-m/fpv4-sp/hard/crti.o
                0x000026d0                _init
 *(.fini)
 .fini          0x000026d4        0x4 d:/nxp/s32ds_arm_v2.2/s32ds/build_tools/gcc_v6.3/gcc-6.3-arm32-eabi/bin/../lib/gcc/arm-none-eabi/6.3.1/thumb/v7e-m/fpv4-sp/hard/crti.o
                0x000026d4                _fini
 *(.eh_frame)
                0x000026d8                . = ALIGN (0x4)

.glue_7         0x000026d8        0x0
 .glue_7        0x000026d8        0x0 linker stubs

.glue_7t        0x000026d8        0x0
 .glue_7t       0x000026d8        0x0 linker stubs

.vfp11_veneer   0x000026d8        0x0
 .vfp11_veneer  0x000026d8        0x0 linker stubs

.v4_bx          0x000026d8        0x0
 .v4_bx         0x000026d8        0x0 linker stubs

.iplt           0x000026d8        0x0
 .iplt          0x000026d8        0x0 d:/nxp/s32ds_arm_v2.2/s32ds/build_tools/gcc_v6.3/gcc-6.3-arm32-eabi/bin/../lib/gcc/arm-none-eabi/6.3.1/thumb/v7e-m/fpv4-sp/hard/crtbegin.o

.rel.dyn        0x000026d8        0x0
 .rel.iplt      0x000026d8        0x0 d:/nxp/s32ds_arm_v2.2/s32ds/build_tools/gcc_v6.3/gcc-6.3-arm32-eabi/bin/../lib/gcc/arm-none-eabi/6.3.1/thumb/v7e-m/fpv4-sp/hard/crtbegin.o

.ARM            0x000026d8        0x0
                0x000026d8                __exidx_start = .
 *(.ARM.exidx*)
                0x000026d8                __exidx_end = .
                0x000026d8                __etext = .
                0x000026d8                __DATA_ROM = .

.interrupts_ram
                0x1fff8000      0x400
                0x1fff8000                . = ALIGN (0x4)
                0x1fff8000                __VECTOR_RAM__ = .
                0x1fff8000                __RAM_START = .
                0x1fff8000                __interrupts_ram_start__ = .
 *(.m_interrupts_ram)
                0x1fff8400                . = (. + M_VECTOR_RAM_SIZE)
 *fill*         0x1fff8000      0x400 
                0x1fff8400                . = ALIGN (0x4)
                0x1fff8400                __interrupts_ram_end__ = .
                0x1fff8000                __VECTOR_RAM = DEFINED (__flash_vector_table__)?ORIGIN (m_interrupts):__VECTOR_RAM__
                0x00000400                __RAM_VECTOR_TABLE_SIZE = DEFINED (__flash_vector_table__)?0x0:(__interrupts_ram_end__ - __interrupts_ram_start__)

.data           0x1fff8400      0x1a0 load address 0x000026d8
                0x1fff8400                . = ALIGN (0x4)
                0x1fff8400                __DATA_RAM = .
                0x1fff8400                __data_start__ = .
 *(.data)
 *(.data*)
 .data.clockMan1_InitConfig0
                0x1fff8400       0x78 ./Generated_Code/clockMan1.o
                0x1fff8400                clockMan1_InitConfig0
 .data.g_clockManConfigsArr
                0x1fff8478        0x4 ./Generated_Code/clockMan1.o
                0x1fff8478                g_clockManConfigsArr
 .data.peripheralClockConfig0
                0x1fff847c       0x23 ./Generated_Code/clockMan1.o
                0x1fff847c                peripheralClockConfig0
 *fill*         0x1fff849f        0x1 
 .data.g_pin_mux_InitConfigArr
                0x1fff84a0       0x60 ./Generated_Code/pin_mux.o
                0x1fff84a0                g_pin_mux_InitConfigArr
 .data.peripheralClockConfig.7360
                0x1fff8500       0xa0 ./SDK/platform/drivers/src/clock/S32K1xx/clock_S32K1xx.o
                0x1fff85a0                . = ALIGN (0x4)
                0x1fff85a0                __data_end__ = .
                0x00002878                __DATA_END = (__DATA_ROM + (__data_end__ - __data_start__))
                0x00002878                __CODE_ROM = __DATA_END

.igot.plt       0x1fff85a0        0x0 load address 0x00002878
 .igot.plt      0x1fff85a0        0x0 d:/nxp/s32ds_arm_v2.2/s32ds/build_tools/gcc_v6.3/gcc-6.3-arm32-eabi/bin/../lib/gcc/arm-none-eabi/6.3.1/thumb/v7e-m/fpv4-sp/hard/crtbegin.o

.code           0x1fff85a0        0x0 load address 0x00002878
                0x1fff85a0                . = ALIGN (0x4)
                0x1fff85a0                __CODE_RAM = .
                0x1fff85a0                __code_start__ = .
                0x1fff85a0                __code_ram_start__ = .
 *(.code_ram)
                0x1fff85a0                . = ALIGN (0x4)
                0x1fff85a0                __code_end__ = .
                0x1fff85a0                __code_ram_end__ = .
                0x00002878                __CODE_END = (__CODE_ROM + (__code_end__ - __code_start__))
                0x00002878                __CUSTOM_ROM = __CODE_END

.customSectionBlock
                0x20000000        0x0 load address 0x00002878
                0x20000000                __customSection_start__ = .
 *(.customSection)
                0x20000000                __customSection_end__ = .
                0x00002878                __CUSTOM_END = (__CUSTOM_ROM + (__customSection_end__ - __customSection_start__))

.bss            0x20000000       0x34
                0x20000000                . = ALIGN (0x4)
                0x20000000                __BSS_START = .
                0x20000000                __bss_start__ = .
 *(.bss)
 *(.bss*)
 .bss.g_clockManCallbacksArr
                0x20000000        0x4 ./Generated_Code/clockMan1.o
                0x20000000                g_clockManCallbacksArr
 .bss.g_RtcClkInFreq
                0x20000004        0x4 ./SDK/platform/drivers/src/clock/S32K1xx/clock_S32K1xx.o
                0x20000004                g_RtcClkInFreq
 .bss.g_TClkFreq
                0x20000008        0xc ./SDK/platform/drivers/src/clock/S32K1xx/clock_S32K1xx.o
                0x20000008                g_TClkFreq
 .bss.g_clockState
                0x20000014       0x10 ./SDK/platform/drivers/src/clock/S32K1xx/clock_S32K1xx.o
 .bss.g_xtal0ClkFreq
                0x20000024        0x4 ./SDK/platform/drivers/src/clock/S32K1xx/clock_S32K1xx.o
                0x20000024                g_xtal0ClkFreq
 .bss.g_interruptDisableCount
                0x20000028        0x4 ./SDK/platform/drivers/src/interrupt/interrupt_manager.o
 .bss.adcMax    0x2000002c        0x2 ./Sources/main.o
                0x2000002c                adcMax
 .bss.adcRawValue
                0x2000002e        0x2 ./Sources/main.o
                0x2000002e                adcRawValue
 .bss.adcVoltage
                0x20000030        0x4 ./Sources/main.o
                0x20000030                adcVoltage
 *(COMMON)
                0x20000034                . = ALIGN (0x4)
                0x20000034                __bss_end__ = .
                0x20000034                __BSS_END = .

.heap           0x20000034      0x404
                0x20000038                . = ALIGN (0x8)
 *fill*         0x20000034        0x4 
                0x20000038                __end__ = .
                0x20000038                __heap_start__ = .
                [!provide]                PROVIDE (end, .)
                [!provide]                PROVIDE (_end, .)
                [!provide]                PROVIDE (__end, .)
                0x20000038                __HeapBase = .
                0x20000438                . = (. + HEAP_SIZE)
 *fill*         0x20000038      0x400 
                0x20000438                __HeapLimit = .
                0x20000438                __heap_limit = .
                0x20000438                __heap_end__ = .
                0x20007000                __StackTop = (ORIGIN (m_data_2) + LENGTH (m_data_2))
                0x20006c00                __StackLimit = (__StackTop - STACK_SIZE)
                0x20007000                PROVIDE (__stack, __StackTop)
                0x20007000                __RAM_END = __StackTop

.stack          0x20006c00      0x400
                0x20006c00                . = ALIGN (0x8)
                0x20006c00                __stack_start__ = .
                0x20007000                . = (. + STACK_SIZE)
 *fill*         0x20006c00      0x400 
                0x20007000                __stack_end__ = .

.ARM.attributes
                0x00000000       0x30
 *(.ARM.attributes)
 .ARM.attributes
                0x00000000       0x22 d:/nxp/s32ds_arm_v2.2/s32ds/build_tools/gcc_v6.3/gcc-6.3-arm32-eabi/bin/../lib/gcc/arm-none-eabi/6.3.1/thumb/v7e-m/fpv4-sp/hard/crti.o
 .ARM.attributes
                0x00000022       0x39 ./Generated_Code/adConv1.o
 .ARM.attributes
                0x0000005b       0x39 ./Generated_Code/clockMan1.o
 .ARM.attributes
                0x00000094       0x39 ./Generated_Code/pin_mux.o
 .ARM.attributes
                0x000000cd       0x1f ./Project_Settings/Startup_Code/startup_S32K144.o
 .ARM.attributes
                0x000000ec       0x39 ./SDK/platform/devices/S32K144/startup/system_S32K144.o
 .ARM.attributes
                0x00000125       0x39 ./SDK/platform/devices/startup.o
 .ARM.attributes
                0x0000015e       0x39 ./SDK/platform/drivers/src/adc/adc_driver.o
 .ARM.attributes
                0x00000197       0x39 ./SDK/platform/drivers/src/clock/S32K1xx/clock_S32K1xx.o
 .ARM.attributes
                0x000001d0       0x39 ./SDK/platform/drivers/src/interrupt/interrupt_manager.o
 .ARM.attributes
                0x00000209       0x39 ./SDK/platform/drivers/src/pins/pins_driver.o
 .ARM.attributes
                0x00000242       0x39 ./SDK/platform/drivers/src/pins/pins_port_hw_access.o
 .ARM.attributes
                0x0000027b       0x39 ./Sources/main.o
 .ARM.attributes
                0x000002b4       0x22 d:/nxp/s32ds_arm_v2.2/s32ds/build_tools/gcc_v6.3/gcc-6.3-arm32-eabi/bin/../lib/gcc/arm-none-eabi/6.3.1/thumb/v7e-m/fpv4-sp/hard\libgcc.a(_arm_addsubdf3.o)
 .ARM.attributes
                0x000002d6       0x22 d:/nxp/s32ds_arm_v2.2/s32ds/build_tools/gcc_v6.3/gcc-6.3-arm32-eabi/bin/../lib/gcc/arm-none-eabi/6.3.1/thumb/v7e-m/fpv4-sp/hard\libgcc.a(_arm_cmpdf2.o)
                0x00000001                ASSERT ((__StackLimit >= __HeapLimit), region m_data_2 overflowed with stack and heap)
OUTPUT(_01_S32K144_ADC.elf elf32-littlearm)

.debug_info     0x00000000    0x1085d
 .debug_info    0x00000000     0x18d5 ./Generated_Code/adConv1.o
 .debug_info    0x000018d5     0x19d6 ./Generated_Code/clockMan1.o
 .debug_info    0x000032ab      0x406 ./Generated_Code/pin_mux.o
 .debug_info    0x000036b1       0x26 ./Project_Settings/Startup_Code/startup_S32K144.o
 .debug_info    0x000036d7      0x521 ./SDK/platform/devices/S32K144/startup/system_S32K144.o
 .debug_info    0x00003bf8      0x2ad ./SDK/platform/devices/startup.o
 .debug_info    0x00003ea5     0x2ecf ./SDK/platform/drivers/src/adc/adc_driver.o
 .debug_info    0x00006d74     0x5aaa ./SDK/platform/drivers/src/clock/S32K1xx/clock_S32K1xx.o
 .debug_info    0x0000c81e      0x8bd ./SDK/platform/drivers/src/interrupt/interrupt_manager.o
 .debug_info    0x0000d0db     0x13d8 ./SDK/platform/drivers/src/pins/pins_driver.o
 .debug_info    0x0000e4b3      0x8a8 ./SDK/platform/drivers/src/pins/pins_port_hw_access.o
 .debug_info    0x0000ed5b     0x1b02 ./Sources/main.o

.debug_abbrev   0x00000000     0x1539
 .debug_abbrev  0x00000000      0x12d ./Generated_Code/adConv1.o
 .debug_abbrev  0x0000012d      0x13a ./Generated_Code/clockMan1.o
 .debug_abbrev  0x00000267       0xca ./Generated_Code/pin_mux.o
 .debug_abbrev  0x00000331       0x14 ./Project_Settings/Startup_Code/startup_S32K144.o
 .debug_abbrev  0x00000345      0x140 ./SDK/platform/devices/S32K144/startup/system_S32K144.o
 .debug_abbrev  0x00000485       0xe0 ./SDK/platform/devices/startup.o
 .debug_abbrev  0x00000565      0x397 ./SDK/platform/drivers/src/adc/adc_driver.o
 .debug_abbrev  0x000008fc      0x3e3 ./SDK/platform/drivers/src/clock/S32K1xx/clock_S32K1xx.o
 .debug_abbrev  0x00000cdf      0x1ce ./SDK/platform/drivers/src/interrupt/interrupt_manager.o
 .debug_abbrev  0x00000ead      0x2db ./SDK/platform/drivers/src/pins/pins_driver.o
 .debug_abbrev  0x00001188      0x1f5 ./SDK/platform/drivers/src/pins/pins_port_hw_access.o
 .debug_abbrev  0x0000137d      0x1bc ./Sources/main.o

.debug_aranges  0x00000000      0x478
 .debug_aranges
                0x00000000       0x18 ./Generated_Code/adConv1.o
 .debug_aranges
                0x00000018       0x18 ./Generated_Code/clockMan1.o
 .debug_aranges
                0x00000030       0x18 ./Generated_Code/pin_mux.o
 .debug_aranges
                0x00000048       0x20 ./Project_Settings/Startup_Code/startup_S32K144.o
 .debug_aranges
                0x00000068       0x30 ./SDK/platform/devices/S32K144/startup/system_S32K144.o
 .debug_aranges
                0x00000098       0x20 ./SDK/platform/devices/startup.o
 .debug_aranges
                0x000000b8       0xe0 ./SDK/platform/drivers/src/adc/adc_driver.o
 .debug_aranges
                0x00000198      0x120 ./SDK/platform/drivers/src/clock/S32K1xx/clock_S32K1xx.o
 .debug_aranges
                0x000002b8       0x70 ./SDK/platform/drivers/src/interrupt/interrupt_manager.o
 .debug_aranges
                0x00000328       0xe0 ./SDK/platform/drivers/src/pins/pins_driver.o
 .debug_aranges
                0x00000408       0x40 ./SDK/platform/drivers/src/pins/pins_port_hw_access.o
 .debug_aranges
                0x00000448       0x30 ./Sources/main.o

.debug_line     0x00000000     0x348a
 .debug_line    0x00000000      0x36a ./Generated_Code/adConv1.o
 .debug_line    0x0000036a      0x36c ./Generated_Code/clockMan1.o
 .debug_line    0x000006d6      0x1f2 ./Generated_Code/pin_mux.o
 .debug_line    0x000008c8       0x82 ./Project_Settings/Startup_Code/startup_S32K144.o
 .debug_line    0x0000094a      0x208 ./SDK/platform/devices/S32K144/startup/system_S32K144.o
 .debug_line    0x00000b52      0x177 ./SDK/platform/devices/startup.o
 .debug_line    0x00000cc9      0x7b2 ./SDK/platform/drivers/src/adc/adc_driver.o
 .debug_line    0x0000147b     0x1109 ./SDK/platform/drivers/src/clock/S32K1xx/clock_S32K1xx.o
 .debug_line    0x00002584      0x321 ./SDK/platform/drivers/src/interrupt/interrupt_manager.o
 .debug_line    0x000028a5      0x4e2 ./SDK/platform/drivers/src/pins/pins_driver.o
 .debug_line    0x00002d87      0x303 ./SDK/platform/drivers/src/pins/pins_port_hw_access.o
 .debug_line    0x0000308a      0x400 ./Sources/main.o

.debug_str      0x00000000     0x5ff7
 .debug_str     0x00000000     0x2885 ./Generated_Code/adConv1.o
                               0x2935 (size before relaxing)
 .debug_str     0x00002885      0x4b6 ./Generated_Code/clockMan1.o
                               0x2dcf (size before relaxing)
 .debug_str     0x00002d3b       0x1c ./Generated_Code/pin_mux.o
                                0x5fa (size before relaxing)
 .debug_str     0x00002d57       0x3f ./Project_Settings/Startup_Code/startup_S32K144.o
                                 0x81 (size before relaxing)
 .debug_str     0x00002d96      0x1e2 ./SDK/platform/devices/S32K144/startup/system_S32K144.o
                                0x43b (size before relaxing)
 .debug_str     0x00002f78      0x20c ./SDK/platform/devices/startup.o
                                0x42a (size before relaxing)
 .debug_str     0x00003184     0x104c ./SDK/platform/drivers/src/adc/adc_driver.o
                               0x25aa (size before relaxing)
 .debug_str     0x000041d0     0x149e ./SDK/platform/drivers/src/clock/S32K1xx/clock_S32K1xx.o
                               0x393a (size before relaxing)
 .debug_str     0x0000566e      0x192 ./SDK/platform/drivers/src/interrupt/interrupt_manager.o
                                0xa81 (size before relaxing)
 .debug_str     0x00005800      0x5e6 ./SDK/platform/drivers/src/pins/pins_driver.o
                               0x1446 (size before relaxing)
 .debug_str     0x00005de6      0x192 ./SDK/platform/drivers/src/pins/pins_port_hw_access.o
                                0x92e (size before relaxing)
 .debug_str     0x00005f78       0x7f ./Sources/main.o
                               0x2a53 (size before relaxing)

.comment        0x00000000       0xa0
 .comment       0x00000000       0xa0 ./Generated_Code/adConv1.o
                                 0xa1 (size before relaxing)
 .comment       0x000000a0       0xa1 ./Generated_Code/clockMan1.o
 .comment       0x000000a0       0xa1 ./Generated_Code/pin_mux.o
 .comment       0x000000a0       0xa1 ./SDK/platform/devices/S32K144/startup/system_S32K144.o
 .comment       0x000000a0       0xa1 ./SDK/platform/devices/startup.o
 .comment       0x000000a0       0xa1 ./SDK/platform/drivers/src/adc/adc_driver.o
 .comment       0x000000a0       0xa1 ./SDK/platform/drivers/src/clock/S32K1xx/clock_S32K1xx.o
 .comment       0x000000a0       0xa1 ./SDK/platform/drivers/src/interrupt/interrupt_manager.o
 .comment       0x000000a0       0xa1 ./SDK/platform/drivers/src/pins/pins_driver.o
 .comment       0x000000a0       0xa1 ./SDK/platform/drivers/src/pins/pins_port_hw_access.o
 .comment       0x000000a0       0xa1 ./Sources/main.o

.debug_loc      0x00000000     0x7346
 .debug_loc     0x00000000       0xeb ./SDK/platform/devices/S32K144/startup/system_S32K144.o
 .debug_loc     0x000000eb       0xec ./SDK/platform/devices/startup.o
 .debug_loc     0x000001d7     0x140b ./SDK/platform/drivers/src/adc/adc_driver.o
 .debug_loc     0x000015e2     0x4da8 ./SDK/platform/drivers/src/clock/S32K1xx/clock_S32K1xx.o
 .debug_loc     0x0000638a      0x297 ./SDK/platform/drivers/src/interrupt/interrupt_manager.o
 .debug_loc     0x00006621      0x77f ./SDK/platform/drivers/src/pins/pins_driver.o
 .debug_loc     0x00006da0      0x56a ./SDK/platform/drivers/src/pins/pins_port_hw_access.o
 .debug_loc     0x0000730a       0x3c ./Sources/main.o

.debug_ranges   0x00000000      0x6e0
 .debug_ranges  0x00000000       0x20 ./SDK/platform/devices/S32K144/startup/system_S32K144.o
 .debug_ranges  0x00000020       0x10 ./SDK/platform/devices/startup.o
 .debug_ranges  0x00000030      0x170 ./SDK/platform/drivers/src/adc/adc_driver.o
 .debug_ranges  0x000001a0      0x388 ./SDK/platform/drivers/src/clock/S32K1xx/clock_S32K1xx.o
 .debug_ranges  0x00000528       0x98 ./SDK/platform/drivers/src/interrupt/interrupt_manager.o
 .debug_ranges  0x000005c0       0xd0 ./SDK/platform/drivers/src/pins/pins_driver.o
 .debug_ranges  0x00000690       0x30 ./SDK/platform/drivers/src/pins/pins_port_hw_access.o
 .debug_ranges  0x000006c0       0x20 ./Sources/main.o

.debug_frame    0x00000000      0xb38
 .debug_frame   0x00000000       0x40 ./SDK/platform/devices/S32K144/startup/system_S32K144.o
 .debug_frame   0x00000040       0x2c ./SDK/platform/devices/startup.o
 .debug_frame   0x0000006c      0x22c ./SDK/platform/drivers/src/adc/adc_driver.o
 .debug_frame   0x00000298      0x37c ./SDK/platform/drivers/src/clock/S32K1xx/clock_S32K1xx.o
 .debug_frame   0x00000614       0xd8 ./SDK/platform/drivers/src/interrupt/interrupt_manager.o
 .debug_frame   0x000006ec      0x1e4 ./SDK/platform/drivers/src/pins/pins_driver.o
 .debug_frame   0x000008d0       0x98 ./SDK/platform/drivers/src/pins/pins_port_hw_access.o
 .debug_frame   0x00000968       0x60 ./Sources/main.o
 .debug_frame   0x000009c8       0xac d:/nxp/s32ds_arm_v2.2/s32ds/build_tools/gcc_v6.3/gcc-6.3-arm32-eabi/bin/../lib/gcc/arm-none-eabi/6.3.1/thumb/v7e-m/fpv4-sp/hard\libgcc.a(_arm_addsubdf3.o)
 .debug_frame   0x00000a74       0xc4 d:/nxp/s32ds_arm_v2.2/s32ds/build_tools/gcc_v6.3/gcc-6.3-arm32-eabi/bin/../lib/gcc/arm-none-eabi/6.3.1/thumb/v7e-m/fpv4-sp/hard\libgcc.a(_arm_cmpdf2.o)
